2026-09-30 11:59:43.399 [INFO] [3732] Pop 0.8.0 启动，D:\a\pop-windows\pop-windows\out\new\Pop.exe
2026-09-30 11:59:43.418 [INFO] [3732] 插件：0 个
2026-09-30 11:59:43.419 [INFO] [3732] 输入钩子已安装
2026-09-30 11:59:43.622 [INFO] [3732] UI Automation 准备好了，用时 201 ms
2026-09-30 11:59:43.914 [INFO] [3732] 快捷键 Win+Alt+V（剪贴板历史） 已注册
2026-09-30 11:59:43.915 [INFO] [3732] 快捷键 Win+Alt+O（截图识字） 已注册
2026-09-30 11:59:43.915 [INFO] [3732] 快捷键 Win+Alt+P（截图贴图） 已注册
2026-09-30 11:59:44.048 [INFO] [3732] 自检：started version=0.8.0 hooks=ok updated-from=-
2026-09-30 11:59:44.088 [INFO] [3732] 退出
2026-09-30 11:59:46.013 [INFO] [7124] Pop 0.8.0 启动，D:\a\pop-windows\pop-windows\out\new\Pop.exe
2026-09-30 11:59:46.040 [INFO] [7124] 插件：1 个
2026-09-30 11:59:46.041 [INFO] [7124] 输入钩子已安装
2026-09-30 11:59:46.071 [INFO] [7124] UI Automation 准备好了，用时 28 ms
2026-09-30 11:59:46.314 [INFO] [7124] 快捷键 Win+Alt+V（剪贴板历史） 已注册
2026-09-30 11:59:46.314 [INFO] [7124] 快捷键 Win+Alt+O（截图识字） 已注册
2026-09-30 11:59:46.314 [INFO] [7124] 快捷键 Win+Alt+P（截图贴图） 已注册
2026-09-30 11:59:46.360 [INFO] [7124] 自检：started version=0.8.0 hooks=ok updated-from=-
2026-09-30 11:59:46.483 [INFO] [7124] 卡片准备好了，用时 117 ms
2026-09-30 11:59:48.934 [INFO] [7124] 长按 (488, 364)
2026-09-30 11:59:48.937 [INFO] [7124] 读取选中内容：窗口 Notepad（notepad）
2026-09-30 11:59:48.954 [INFO] [7124] 选中内容：来源 uia，窗口 Notepad（notepad），15 个字符，用时 19 ms，内容「hello pop world」
2026-09-30 11:59:50.213 [INFO] [7124] 执行 upper
2026-09-30 11:59:50.214 [INFO] [7124] 替换原文
2026-09-30 11:59:50.402 [INFO] [7124] 粘贴完成：目标 App 过了 10 ms 来读，原来的剪贴板已恢复
2026-09-30 11:59:51.626 [INFO] [7124] 长按 (488, 364)
2026-09-30 11:59:51.626 [INFO] [7124] 读取选中内容：窗口 Notepad（notepad）
2026-09-30 11:59:51.633 [INFO] [7124] 选中内容：来源 uia，窗口 Notepad（notepad），15 个字符，用时 6 ms，内容「HELLO POP WORLD」
2026-09-30 11:59:52.710 [INFO] [7124] 执行 count
2026-09-30 11:59:53.153 [INFO] [7124] 显示卡片用了 439 ms
2026-09-30 11:59:54.674 [INFO] [7124] 长按 (488, 364)
2026-09-30 11:59:54.675 [INFO] [7124] 读取选中内容：窗口 Notepad（notepad）
2026-09-30 11:59:54.679 [INFO] [7124] 选中内容：来源 uia，窗口 Notepad（notepad），15 个字符，用时 4 ms，内容「HELLO POP WORLD」
2026-09-30 11:59:55.186 [INFO] [7124] 在圆心松开，关闭
2026-09-30 11:59:56.382 [INFO] [7124] 剪贴板历史：记录一条文字
2026-09-30 11:59:57.295 [INFO] [7124] 长按 (488, 364)
2026-09-30 11:59:57.295 [INFO] [7124] 读取选中内容：窗口 Notepad（notepad）
2026-09-30 11:59:57.300 [INFO] [7124] 选中内容：来源 uia，窗口 Notepad（notepad），5 个字符，用时 4 ms，内容「128*3」
2026-09-30 11:59:57.304 [INFO] [7124] 直达结果：计算
2026-09-30 11:59:58.611 [INFO] [7124] 回车复制结果
2026-09-30 11:59:58.803 [INFO] [7124] 剪贴板历史：记录一条文字（来自 Pop）
2026-09-30 11:59:59.179 [INFO] [7124] 剪贴板历史：记录一条文字
2026-09-30 12:00:00.103 [INFO] [7124] 长按 (488, 364)
2026-09-30 12:00:00.104 [INFO] [7124] 读取选中内容：窗口 Notepad（notepad）
2026-09-30 12:00:00.110 [INFO] [7124] 选中内容：来源 uia，窗口 Notepad（notepad），4 个字符，用时 6 ms，内容「5 km」
2026-09-30 12:00:00.119 [INFO] [7124] 直达结果：单位换算
2026-09-30 12:00:00.394 [INFO] [7124] 显示卡片用了 274 ms
2026-09-30 12:00:01.364 [INFO] [7124] 检查更新：0.8.0 已是最新
2026-09-30 12:00:01.685 [INFO] [7124] 剪贴板历史：记录一条文字
2026-09-30 12:00:02.594 [INFO] [7124] 长按 (488, 364)
2026-09-30 12:00:02.595 [INFO] [7124] 读取选中内容：窗口 Notepad（notepad）
2026-09-30 12:00:02.600 [INFO] [7124] 选中内容：来源 uia，窗口 Notepad（notepad），7 个字符，用时 4 ms，内容「#FF8800」
2026-09-30 12:00:02.602 [INFO] [7124] 直达结果：颜色
2026-09-30 12:00:04.120 [INFO] [7124] 剪贴板历史：记录一条文字
2026-09-30 12:00:05.037 [INFO] [7124] 长按 (488, 364)
2026-09-30 12:00:05.038 [INFO] [7124] 读取选中内容：窗口 Notepad（notepad）
2026-09-30 12:00:05.042 [INFO] [7124] 选中内容：来源 uia，窗口 Notepad（notepad），32 个字符，用时 4 ms，内容「Good morning, how are you today?」
2026-09-30 12:00:06.103 [INFO] [7124] 执行 translate
2026-09-30 12:00:07.206 [INFO] [7124] 翻译完成：必应翻译（web），en → zh-Hans，11 个字符，用时 1041 ms，译文「早上好，你今天怎么样？」
2026-09-30 12:00:08.621 [INFO] [7124] 剪贴板历史：记录一条文字
2026-09-30 12:00:08.919 [INFO] [7124] 长按 (488, 364)
2026-09-30 12:00:08.920 [INFO] [7124] 读取选中内容：窗口 Notepad（notepad）
2026-09-30 12:00:08.925 [INFO] [7124] 选中内容：来源 uia，窗口 Notepad（notepad），15 个字符，用时 5 ms，内容「hello pop world」
2026-09-30 12:00:09.997 [INFO] [7124] 执行 all
2026-09-30 12:00:09.998 [INFO] [7124] 打开全部功能
2026-09-30 12:00:10.168 [INFO] [7124] 全部功能列表已显示
2026-09-30 12:00:12.268 [INFO] [7124] 全部功能列表：选中 codec，搜索「base64」
2026-09-30 12:00:12.269 [INFO] [7124] 执行 codec（全部功能）
2026-09-30 12:00:12.913 [INFO] [7124] 回车复制结果
2026-09-30 12:00:13.062 [INFO] [7124] 剪贴板历史：记录一条文字（来自 Pop）
2026-09-30 12:00:14.090 [INFO] [7124] 剪贴板历史：记录一条文字
2026-09-30 12:00:14.368 [INFO] [7124] 长按 (488, 364)
2026-09-30 12:00:14.368 [INFO] [7124] 读取选中内容：窗口 Notepad（notepad）
2026-09-30 12:00:14.374 [INFO] [7124] 选中内容：来源 uia，窗口 Notepad（notepad），15 个字符，用时 5 ms，内容「hello pop world」
2026-09-30 12:00:15.412 [INFO] [7124] 执行 all
2026-09-30 12:00:15.412 [INFO] [7124] 打开全部功能
2026-09-30 12:00:15.491 [INFO] [7124] 全部功能列表已显示
2026-09-30 12:00:17.542 [INFO] [7124] 全部功能列表：选中 user-e2ereverse，搜索「plugin」
2026-09-30 12:00:17.542 [INFO] [7124] 执行 user-e2ereverse（全部功能）
2026-09-30 12:00:17.900 [INFO] [7124] 插件 user-e2ereverse（javascript）：Card，用时 356 ms
2026-09-30 12:00:18.722 [INFO] [7124] 回车复制结果
2026-09-30 12:00:18.909 [INFO] [7124] 剪贴板历史：记录一条文字（来自 Pop）
2026-09-30 12:00:19.375 [INFO] [7124] 剪贴板历史：记录一条文字
2026-09-30 12:00:20.043 [INFO] [7124] 剪贴板历史：记录一条文字
2026-09-30 12:00:21.045 [INFO] [7124] 剪贴板历史：记录一条文字

